
=================================================== keil-build-viewer v1.6 ==================================================
 
[Search keil project] 1 item(s)
	e:\workdir\zym_new\general-selector\USER\XZF.uvprojx

[User input] 
[Current folder] e:\workdir\zym_new\general-selector\USER
[Encoding] 936
[Keil project path] e:\workdir\zym_new\general-selector\USER\XZF.uvprojx
[Keil project name] XZF.uvprojx
[Is keil v4] 0
[target name] XZF_VALVE
[target name] C_1FH
[final target name] C_1FH

[Device] STM32F103C8
[Target name] 
[Output name] XZF
[Output path] ..\OBJ\
[Listing path] ..\LIST\
[Is has pack] 1
[Is enbale LTO] 0
[Is has user library] 1
[Is custom scatter file] 0

[XZF.uvprojx]  [C_1FH]  [STM32F103C8]  [LTO disable]
 
[memory info]
[name] IRAM [base addr] 0x20000000 [size] 0x00005000 [type] 1 [off-chip] 0 [is pack] 1 [ID] 2 
[name] IROM [base addr] 0x08000000 [size] 0x00010000 [type] 2 [off-chip] 0 [is pack] 1 [ID] 3 


[map file path] e:\workdir\zym_new\general-selector\LIST\XZF.map

[region info]
[load region] LR_IROM1
	[execution region] ER_IROM1, 0x08000000, 0x00010000, 0x0000B694 [memory type] 2 [memory ID] 3

	[execution region] RW_IRAM1, 0x20000000, 0x00005000, 0x000013A8 [memory type] 1 [memory ID] 2
		[ZI block] addr: 0x20000214, size: 0x00001194 (4500)


[object name max length] 22
[object path max length] 66

[object in map file]
[object name] ags_mb.o                [path] ..\SRC\HARDWARE\ags_mb\ags_mb.c
[object name] delay.o                 [path] ..\SRC\SYSTEM\delay\delay.c
[object name] eep24serial.o           [path] ..\SRC\HARDWARE\EEPROM\EEP24Serial.c
[object name] elab_log.o              [path] ..\SRC\3rd\common\elab_log.c
[object name] main.o                  [path] ..\SRC\APP\main.c
[object name] modbus.o                [path] ..\SRC\HARDWARE\modbus\modbus.c
[object name] modbuscrc16.o           [path] ..\SRC\HARDWARE\ags_mb\ModBusCrc16.c
[object name] protext.o               [path] ..\SRC\HARDWARE\protExt\protExt.c
[object name] signal.o                [path] ..\SRC\HARDWARE\signal\signal.c
[object name] startup_stm32f10x_md.o  [path] ..\SRC\APP\startup_stm32f10x_md.s
[object name] sys.o                   [path] ..\SRC\SYSTEM\sys\sys.c
[object name] timer.o                 [path] ..\SRC\SYSTEM\timer\timer.c
[object name] usart.o                 [path] ..\SRC\SYSTEM\usart\usart.c
[object name] usfunc.o                [path] ..\SRC\HARDWARE\usinterface\usFunc.c
[object name] valve.o                 [path] ..\SRC\HARDWARE\valve\valve.c
[object name] xf_utils_log_dump.o     [path] ..\SRC\3rd\xfusion\xf_utils_log\xf_utils_log_dump.c
[object name] smotor.o                [path] (null)
[object name] Smotor.lib              [path] ..\SRC\HARDWARE\motor\Smotor.lib
[object name] USINTF_CR-0.lib         [path] ..\SRC\HARDWARE\usinterface\USINTF_CR-0.lib

[file path in keil project]
[old name] startup_stm32f10x_md.s  [type] 1   [path] ..\SRC\APP\startup_stm32f10x_md.s
[old name] main.c                  [type] 1   [path] ..\SRC\APP\main.c
[old name] valve.c                 [type] 1   [path] ..\SRC\HARDWARE\valve\valve.c
[old name] EEP24Serial.c           [type] 1   [path] ..\SRC\HARDWARE\EEPROM\EEP24Serial.c
[old name] usFunc.c                [type] 1   [path] ..\SRC\HARDWARE\usinterface\usFunc.c
[old name] USINTF_CR-0.lib         [type] 3   [path] ..\SRC\HARDWARE\usinterface\USINTF_CR-0.lib
[old name] Smotor.lib              [type] 3   [path] ..\SRC\HARDWARE\motor\Smotor.lib
[old name] ags_mb.c                [type] 1   [path] ..\SRC\HARDWARE\ags_mb\ags_mb.c
[old name] ModBusCrc16.c           [type] 1   [path] ..\SRC\HARDWARE\ags_mb\ModBusCrc16.c
[old name] protExt.c               [type] 1   [path] ..\SRC\HARDWARE\protExt\protExt.c
[old name] signal.c                [type] 1   [path] ..\SRC\HARDWARE\signal\signal.c
[old name] bsp_io.c                [type] 1   [path] ..\SRC\HARDWARE\io\bsp_io.c
[old name] modbus.c                [type] 1   [path] ..\SRC\HARDWARE\modbus\modbus.c
[old name] delay.c                 [type] 1   [path] ..\SRC\SYSTEM\delay\delay.c
[old name] sys.c                   [type] 1   [path] ..\SRC\SYSTEM\sys\sys.c
[old name] usart.c                 [type] 1   [path] ..\SRC\SYSTEM\usart\usart.c
[old name] timer.c                 [type] 1   [path] ..\SRC\SYSTEM\timer\timer.c
[old name] adc.c                   [type] 1   [path] ..\SRC\SYSTEM\adc\adc.c
[old name] stm32f10x_adc.c         [type] 1   [path] ..\SRC\CoreSupport\STM32F10x_StdPeriph_Driver\src\stm32f10x_adc.c
[old name] stm32f10x_gpio.c        [type] 1   [path] ..\SRC\CoreSupport\STM32F10x_StdPeriph_Driver\src\stm32f10x_gpio.c
[old name] stm32f10x_rcc.c         [type] 1   [path] ..\SRC\CoreSupport\STM32F10x_StdPeriph_Driver\src\stm32f10x_rcc.c
[old name] xf_utils_log_dump.c     [type] 1   [path] ..\SRC\3rd\xfusion\xf_utils_log\xf_utils_log_dump.c
[old name] elab_log.c              [type] 1   [path] ..\SRC\3rd\common\elab_log.c
[old name] elab_common.c           [type] 1   [path] ..\SRC\3rd\common\elab_common.c

[record region info]
[load region] LR_IROM1
	[execution region] ER_IROM1, 0x08000000, 0x00010000, 0x0000B73C [type] 2 [ID] 3
	[execution region] RW_IRAM1, 0x20000000, 0x00005000, 0x000013A8 [type] 1 [ID] 2
-------------------------------------------------------------------------------
         FILE(s)        |         RAM (byte)       |       FLASH (byte)       |
-------------------------------------------------------------------------------
ags_mb.o                |         800              |        3459              |
delay.o                 |           4              |         180              |
eep24serial.o           |           0              |        1256              |
elab_log.o              |         256              |         105              |
main.o                  |          75              |        3636              |
modbus.o                |         722              |        2683  [-168]      |
modbuscrc16.o           |           0              |         568              |
protext.o               |         264              |        1744              |
signal.o                |         236              |        1706              |
startup_stm32f10x_md.o  |        1536              |         300              |
sys.o                   |           0              |         708              |
timer.o                 |          21              |         581              |
usart.o                 |           8              |        1020              |
usfunc.o                |         248              |        9809              |
valve.o                 |         107              |        3689              |
xf_utils_log_dump.o     |           0              |         716              |
Smotor.lib              |         485              |        2569              |
USINTF_CR-0.lib         |         160              |        1506              |
-------------------------------------------------------------------------------
[memory print mode]: 0
LR_IROM1
        RAM 1             [0x20000000 | 0x00005000 (20480)]
                [zi start] 1   [zi end] 12
                RW_IRAM1  [0x20000000]|¡ö¡õ¡õ¡õ¡õ¡õ¡õ¡õ¡õ¡õ¡õ¡õ______________________________________| (   4.9 KB /  20.0 KB )  24.6%  
 
        FLASH 1           [0x08000000 | 0x00010000 (65536)]
                ER_IROM1  [0x08000000]|¡ö¡ö¡ö¡ö¡ö¡ö¡ö¡ö¡ö¡ö¡ö¡ö¡ö¡ö¡ö¡ö¡ö¡ö¡ö¡ö¡ö¡ö¡ö¡ö¡ö¡ö¡ö¡ö¡ö¡ö¡ö¡ö¡ö¡ö¡ö_______________| (  45.6 KB /  64.0 KB )  71.3%  [-168]
 
[htm file path] e:\workdir\zym_new\general-selector\OBJ\XZF.htm
Maximum Stack Usage =        324 bytes + Unknown(Functions without stacksize, Cycles, Untraceable Function Pointers)
 
=============================================================================================================================

run time: 0.097 s
